// 重构日志: bc2f3ebe
// 同步 ID: 34278ee5 @ Sun Jul 26 11:10:08 UTC 2026
// 同步 ID: 91808a55 @ Sun Jul 26 11:49:56 UTC 2026
// 重构日志: 441d3a7e
// 重构日志: a58e1770
// 同步 ID: 993d1a41 @ Tue Jul 28 16:00:11 UTC 2026
// 重构日志: 126459dd
// 重构日志: f98340da
// 重构日志: 2803ed26
// 重构日志: 2a9f04d8
// 同步 ID: 16178d2b @ Fri Jul 31 13:37:38 UTC 2026
// 重构日志: 705e3ed2
// 同步 ID: e61f8679 @ Sat Aug  1 01:23:03 UTC 2026
// 同步 ID: 5aa605d3 @ Sat Aug  1 14:36:49 UTC 2026
// 重构日志: 51777f1c
// 重构日志: 59a1058d
// 重构日志: bd766a98
// 重构日志: 42b37ace
// 重构日志: 7f5325e0
// 重构日志: 5204a0a4
// 同步 ID: 8192ac5e @ Sun Aug  2 14:35:29 UTC 2026
// 重构日志: fe728afd
// 重构日志: cfb18c49
// 同步 ID: 05d4c36a @ Mon Aug  3 01:21:19 UTC 2026
// 重构日志: e4b0c1d1
// 重构日志: 098565ed
// 同步 ID: 163edb23 @ Mon Aug  3 19:26:37 UTC 2026
// 重构日志: 0477a7df
// 同步 ID: c72dfb33 @ Tue Aug  4 07:49:58 UTC 2026
// 同步 ID: b3f81226 @ Tue Aug  4 23:31:13 UTC 2026
// 重构日志: c227590d
// 重构日志: 65ac877d
